> Task :app:preBuild UP-TO-DATE
> Task :app:preDebugBuild UP-TO-DATE
> Task :app:dataBindingMergeDependencyArtifactsDebug UP-TO-DATE
> Task :app:generateDebugResValues UP-TO-DATE
> Task :app:generateDebugResources UP-TO-DATE
> Task :app:mergeDebugResources UP-TO-DATE
> Task :app:packageDebugResources UP-TO-DATE
> Task :app:parseDebugLocalResources UP-TO-DATE
> Task :app:dataBindingGenBaseClassesDebug UP-TO-DATE
> Task :app:checkDebugAarMetadata UP-TO-DATE
> Task :app:mapDebugSourceSetPaths UP-TO-DATE
> Task :app:createDebugCompatibleScreenManifests UP-TO-DATE
> Task :app:extractDeepLinksDebug UP-TO-DATE

> Task :app:processDebugMainManifest
package="com.dlrp.app" found in source AndroidManifest.xml: C:\Users\vrajm\Downloads\Digital-literacy-risk-predictor-main\Digital-literacy-risk-predictor-main\app\src\main\AndroidManifest.xml.
Setting the namespace via the package attribute in the source AndroidManifest.xml is no longer supported, and the value is ignored.
Recommendation: remove package="com.dlrp.app" from the source AndroidManifest.xml: C:\Users\vrajm\Downloads\Digital-literacy-risk-predictor-main\Digital-literacy-risk-predictor-main\app\src\main\AndroidManifest.xml.

> Task :app:processDebugManifest
> Task :app:processDebugManifestForPackage
> Task :app:processDebugResources

> Task :app:compileDebugKotlin FAILED
.\gradlew.bat : e: file:///C:/Users/vrajm/Do
wnloads/Digital-literacy-risk-predictor-main
/Digital-literacy-risk-predictor-main/app/sr
c/main/java/com/dlrp/app/detection/ScamRuleE
ngine.kt:34:35 Unresolved reference: LOW
At line:1 char:1
+ .\gradlew.bat :app:compileDebugKotlin 
--console=plain 2>&1 | Out-File ...
+ ~~~~~~~~~~~~~~~~~~~~~~~~~~~~~~~~~~~~~~~~~~
~~~~~~~~~~~~~~~~
    + CategoryInfo          : NotSpecified: 
    (e: file:///C:/U... reference: LOW:Str  
  ing) [], RemoteException
    + FullyQualifiedErrorId : NativeCommand 
   Error
 
e: file:///C:/Users/vrajm/Downloads/Digital-
literacy-risk-predictor-main/Digital-literac
y-risk-predictor-main/app/src/main/java/com/
dlrp/app/guardian/ContactApprovalManager.kt:
75:30 Unresolved reference: 
addTrustedContact
e: file:///C:/Users/vrajm/Downloads/Digital-
literacy-risk-predictor-main/Digital-literac
y-risk-predictor-main/app/src/main/java/com/
dlrp/app/ui/PanicOverlayActivity.kt:54:43 
Unresolved reference: getGuardianPhone

FAILURE: Build failed with an exception.

* What went wrong:
Execution failed for task 
':app:compileDebugKotlin'.
> A failure occurred while executing org.jet
brains.kotlin.compilerRunner.GradleCompilerR
unnerWithWorkers$GradleKotlinCompilerWorkAct
ion
   > Compilation error. See log for more 
details

* Try:
> Run with --stacktrace option to get the 
stack trace.
> Run with --info or --debug option to get 
more log output.
> Run with --scan to get full insights.
> Get more help at https://help.gradle.org.

Deprecated Gradle features were used in this build, making it incompatible with Gradle 9.0.

You can use '--warning-mode all' to show the individual deprecation warnings and determine if they come from your own scripts or plugins.

For more on this, please refer to https://docs.gradle.org/8.10.2/userguide/command_line_interface.html#sec:command_line_warnings in the Gradle documentation.

BUILD FAILED in 7s
15 actionable tasks: 5 executed, 10 up-to-date
